Case #1: aabcfedcaaffafacadaaaaadaacefaeafaccfadbaaddaabfbdbdbbabcaabbecdebdfbdcceaaecbbdfcafbc
Case #2: IMPOSSIBLE
Case #3: affbefadfbeafbccdfbbafbdcbaaddadebadabbeaaaeeaeaddaccb
Case #4: abacac
Case #5: IMPOSSIBLE
Case #6: eeafbebdeebbcccefedfbaceadbfabaf
Case #7: IMPOSSIBLE
Case #8: abaccfcccdeefffeffffbbfccbbfbedaffbefcdcfafcfe
Case #9: cadebfbecfbdebfcabcbbfbfceadafeecedadec
Case #10: afafafafbfcfdfeffbfbfcfdffffffffffffffffffffffffffffffffffffffffffffffffffffffffffffffffffffffffffff
Case #11: abcd
Case #12: IMPOSSIBLE
Case #13: IMPOSSIBLE
Case #14: abcd
Case #15: IMPOSSIBLE
Case #16: afeaaacfaaaaaaeabaaeaaabadaaaaefcbbaaeadabaaeaaafbddadcaffbeaeaaafcabafeaeeabcccafcfb
Case #17: dfecfcbfabbeaaefdddadfbecadaafadcfbcafbefbabcbfebbfddbfaabfeecdfdbaccadbdbacdebcceaaccdb
Case #18: ecaecdaafaccfdcaeacddeaedfdcffbbeffbedaeeaffaac
Case #19: ffffffffffffffffffffffffffffffffffffffffffffffffffffffffffffffffffffffffffffffffffffffffffffffffffff
Case #20: ccdbdcefeffbfbaebbaffbecceffdaeacded
